// Vitest Snapshot v1, https://vitest.dev/guide/snapshot.html

exports[`App Component > matches the snapshot 1`] = `
<div>
  <div
    class="max-w-md mx-auto p-6"
  >
    <h1
      class="text-xl font-bold mb-4"
    >
      Term Deposit Calculator
    </h1>
    <div
      class="mb-4 "
    >
      <label
        class="block text-sm font-medium text-gray-700 mb-1"
      >
        Start Deposit Amount
        <input
          class="mt-1 block w-full px-3 py-2 border border-gray-300 rounded-md shadow-sm focus:outline-none focus:ring-blue-500 focus:border-blue-500 sm:text-sm"
          type="text"
          value=""
        />
      </label>
    </div>
    <div
      class="mb-4 "
    >
      <label
        class="block text-sm font-medium text-gray-700 mb-1"
      >
        Interest Rate (%)
        <input
          class="mt-1 block w-full px-3 py-2 border border-gray-300 rounded-md shadow-sm focus:outline-none focus:ring-blue-500 focus:border-blue-500 sm:text-sm"
          type="text"
          value=""
        />
      </label>
    </div>
    <div
      class="mb-4 "
    >
      <label
        class="block text-sm font-medium text-gray-700 mb-1"
      >
        Investment Term (years)
        <input
          class="mt-1 block w-full px-3 py-2 border border-gray-300 rounded-md shadow-sm focus:outline-none focus:ring-blue-500 focus:border-blue-500 sm:text-sm"
          type="text"
          value=""
        />
      </label>
    </div>
    <div
      class="mb-4 "
    >
      <label
        class="block text-sm font-medium text-gray-700 mb-1"
      >
        Interest Paid
        <select
          class="mt-1 block w-full px-3 py-2 border border-gray-300 rounded-md shadow-sm focus:outline-none focus:ring-blue-500 focus:border-blue-500 sm:text-sm"
        >
          <option
            value="monthly"
          >
            Monthly
          </option>
          <option
            value="quarterly"
          >
            Quarterly
          </option>
          <option
            value="annually"
          >
            Annually
          </option>
          <option
            value="maturity"
          >
            At Maturity
          </option>
        </select>
      </label>
    </div>
    <div
      class="mb-4 "
    >
      <button
        class="w-full px-4 py-2 rounded-md focus:outline-none bg-gray-400 text-gray-200 cursor-not-allowed"
        disabled=""
      >
        Calculate
      </button>
    </div>
    <div
      class="mt-4"
    >
      <h2
        class="text-lg font-semibold"
      >
        Final Balance: $
      </h2>
    </div>
  </div>
</div>
`;
